// Jest Snapshot v1, https://goo.gl/fbAQLP

exports[`EducationItem renders correctly snapshot 1`] = `
<DocumentFragment>
  <div
    class="col-xl-6 col-lg-6 col-md-6 col-sm-6 col-12 education-item"
  >
    <div
      class="row justify-content-start"
    />
    <div
      class="row"
    />
  </div>
</DocumentFragment>
`;
