// Jest Snapshot v1, https://goo.gl/fbAQLP

exports[`Footer renders correctly snapshot 1`] = `
<DocumentFragment>
  <div
    class="col-12 text-center content-footer"
  >
    <p>
      Font generated by
      <a
        href="https://www.flaticon.com"
      >
         flaticon.com
      </a>
    </p>
    <p>
      Under
      <a
        href="http://creativecommons.org/licenses/by/3.0/"
      >
         CC,
      </a>
      <a
        data-file="017-right-arrow"
        href="https://www.flaticon.com/authors/smashicons"
      >
        Smashicons,
      </a>
      <a
        data-file="019-coding-1"
        href="https://www.flaticon.com/authors/becris"
      >
        Becris
      </a>
    </p>
  </div>
</DocumentFragment>
`;
