// Jest Snapshot v1, https://goo.gl/fbAQLP

exports[`HeaderIcon renders correctly snapshot 1`] = `
<DocumentFragment>
  <div
    class="ml-3 col-6 header-icon"
  >
    <i
      class="flaticon-add "
    />
  </div>
</DocumentFragment>
`;
