// Jest Snapshot v1, https://goo.gl/fbAQLP

exports[`IconChange renders correctly snapshot 1`] = `
<DocumentFragment>
  <div
    class=" icon"
  >
    <i
      class="flaticon-add medium"
      data-testid="togglesIcon"
    />
  </div>
</DocumentFragment>
`;
