// Jest Snapshot v1, https://goo.gl/fbAQLP

exports[`PageLink snapshot 1`] = `
<DocumentFragment>
  <div>
    <h3 />
  </div>
</DocumentFragment>
`;
